// Jest Snapshot v1, https://goo.gl/fbAQLP

exports[`renders correctly 1`] = `
<Loader>
  <styled.div>
    <div
      className="iqtgeR"
    >
      <styled.div>
        <div
          className="cSGQWI"
        >
          <styled.div>
            <div
              className="fcVIZN"
            />
          </styled.div>
          <styled.div>
            <div
              className="eBehfk"
            />
          </styled.div>
          <styled.div>
            <div
              className="dCaswc"
            />
          </styled.div>
        </div>
      </styled.div>
    </div>
  </styled.div>
</Loader>
`;
